
> cryptorsi@1.0.0 build
> prisma generate ; prisma db push --accept-data-loss ; next build ; if (Test-Path .next\static) { xcopy /E /I /Y .next\static .next\standalone\.next\static } ; if (Test-Path public) { xcopy /E /I /Y public .next\standalone\public }

node.exe : Loaded Prisma config from 
prisma.config.ts.
At line:1 char:1
+ & "C:\Program Files\nodejs/node.exe" 
"C:\Program Files\nodejs/node_mo ...
+ ~~~~~~~~~~~~~~~~~~~~~~~~~~~~~~~~~~~~~~~~~
~~~~~~~~~~~~~~~~~~~~~~~~~~~~
    + CategoryInfo          : NotSpecified 
   : (Loaded Prisma c...isma.config.ts.:S  
  tring) [], RemoteException
    + FullyQualifiedErrorId : NativeComman 
   dError
 

Prisma schema loaded from 
prisma\schema.prisma.

Γ£ö Generated Prisma Client (v7.5.0) to .\node_modules\@prisma\client in 215ms

Start by importing your Prisma Client (See: https://pris.ly/d/importing-client)


