.next/types/validator.ts(288,31): error TS2344: Type 'typeof import("C:/Users/zaliz/Downloads/CryptoRSI/app/api/og/ [symbol]/route")' does not satisfy the constraint 'RouteHandlerConfig<"/api/og/ [symbol]">'.
  Types of property 'GET' are incompatible.
    Type '(request: Request, { params }: { params: { symbol: string; }; }) => Promise<Response>' is not assignable to type '(request: NextRequest, context: { params: Promise<{}>; }) => void | Response | Promise<void | Response>'.
      Types of parameters '__1' and 'context' are incompatible.
        Type '{ params: Promise<{}>; }' is not assignable to type '{ params: { symbol: string; }; }'.
          Types of property 'params' are incompatible.
            Property 'symbol' is missing in type 'Promise<{}>' but required in type '{ symbol: string; }'.
